../App/Hal/Src/stm_hal.c:25:6:Error_Handler	4	static,ignoring_inline_asm
../App/Hal/Src/stm_hal.c:41:6:SystemClock_Config	88	static
../App/Hal/Src/stm_hal.c:86:6:MX_ADC1_Init	24	static
../App/Hal/Src/stm_hal.c:138:6:MX_I2C1_Init	8	static
../App/Hal/Src/stm_hal.c:172:6:MX_RTC_Init	32	static
../App/Hal/Src/stm_hal.c:242:6:MX_SPI1_Init	8	static
../App/Hal/Src/stm_hal.c:280:6:MX_TIM1_Init	40	static
../App/Hal/Src/stm_hal.c:327:6:MX_USART3_UART_Init	8	static
../App/Hal/Src/stm_hal.c:358:6:MX_DMA_Init	16	static
../App/Hal/Src/stm_hal.c:379:6:MX_GPIO_Init	48	static
