../Core/App/Hal/Src/stm_hal.c:24:6:Error_Handler	4	static,ignoring_inline_asm
../Core/App/Hal/Src/stm_hal.c:40:6:SystemClock_Config	88	static
../Core/App/Hal/Src/stm_hal.c:85:6:MX_ADC1_Init	24	static
../Core/App/Hal/Src/stm_hal.c:137:6:MX_I2C1_Init	8	static
../Core/App/Hal/Src/stm_hal.c:171:6:MX_RTC_Init	32	static
../Core/App/Hal/Src/stm_hal.c:241:6:MX_SPI1_Init	8	static
../Core/App/Hal/Src/stm_hal.c:279:6:MX_TIM1_Init	40	static
../Core/App/Hal/Src/stm_hal.c:326:6:MX_USART3_UART_Init	8	static
../Core/App/Hal/Src/stm_hal.c:357:6:MX_DMA_Init	16	static
../Core/App/Hal/Src/stm_hal.c:378:6:MX_GPIO_Init	48	static
